00010103 - 0000db00 - 00000000 - 00000000
00000000 - 00000000 - 00000000 - 00000000
00000000 - 0000cb00 - 00000000 - 00000000
00000000 - 00000000 - 00000000 - 00000000
0000002f - 00000000 - 00000000 - 00000000
