00000001 - 00000000 - 00000000 - 00000000
0000ffda - 00000000 - 00000000 - 00000000
00000000 - 00000000 - 00000000 - 00000000
0000babe - 00000000 - 00000000 - 00000000
-- index registers --
00000037 - 00000000 - 00000000 - 00000000
