00000200 - 00000000 - 00000000 - 00000000
00000000 - 00000000 - 00000000 - 00000000
000003c7 - 00000000 - 00000000 - 00000000
0000babe - 00000000 - 00000000 - 00000000
-- index registers --
00000000 - 00000000 - 00000000 - 00000000
