000000bf - 00000000 - 00000000 - 00000000
00000000 - 00000000 - 00000000 - 00000000
00000003 - 00000000 - 00000000 - 00000000
0000babe - 00000000 - 00000000 - 00000000
00000030 - 00000000 - 00000000 - 00000000
