0000000a - 00000000 - 00000000 - 00000000
00000000 - 00000000 - 00000000 - 00000000
00000000 - 00000000 - 00000000 - 00000000
0000babe - 00000000 - 00000000 - 00000000
-- index registers --
00000000 - 00000000 - 00000000 - 0000003f
SR = 42f8
