000000a5 - 00000000 - 00000000 - 00000000
000000a5 - 00000000 - 00000000 - 00000000
00000000 - 00000000 - 00000000 - 00000000
0000babe - 00000000 - 00000000 - 00000000
-- index registers --
00000000 - 00000000 - 00000000 - 00000000
SR = f842
