0000cafe - 00000000 - 00000000 - 00000000
00000000 - 00000000 - 00000000 - 00000000
0000cafe - 00000000 - 00000000 - 00000000
0000babe - 00000000 - 00000000 - 00000000
-- index registers --
00000000 - 00000055 - 00000000 - 00000000
SR = 42f8
