00004455 - 00000000 - 00000000 - 00000000
00000001 - 00000000 - 00000000 - 00000000
00000072 - 00000000 - 00000000 - 00000000
0000babe - 00000000 - 00000000 - 00000000
-- index registers --
00000000 - 00000000 - 00000000 - 00000000
SR = f842
