00000003 - 00000000 - 00000000 - 00000000
000003fb - 00000000 - 00000000 - 00000000
00000000 - 00000000 - 00000000 - 00000000
0000babe - 00000000 - 00000000 - 00000000
-- index registers --
0000003d - 00000000 - 00000000 - 00000000
SR = f842
