018201f4 - 00000000 - 00000000 - 0000001f
000002f5 - 00000000 - 00000000 - 00000000
00eb02e9 - 00000000 - 00000000 - 00000000
00ebbabe - 00000000 - 00000000 - 00000000
-- index registers --
00000000 - 00000000 - 00000000 - fffffffc
SR = f800
