00000098 - 000000c9 - 00000000 - 00000000
00000000 - 00000000 - 00000000 - 00000000
00000000 - 00000000 - 00000000 - 00000000
00000000 - 0000babe - 00000000 - 00000000
-- index registers --
00000000 - 00000000 - 00000000 - 0000003d
SR = c942
