00003412 - 0000fea5 - 00000000 - 00000007
00001234 - 00001234 - 00000000 - 00000000
00000000 - 00000000 - 00000000 - 00000000
00000000 - 0000babe - 00000000 - 00000000
-- index registers --
00000000 - 00000000 - 00000000 - 00000000
SR = f900
