00002222 - 00000000 - 00000000 - 00000000
0000003f - 00000000 - 00000000 - 00000000
00001111 - 00000000 - 00000000 - 00000000
0000babe - 00000000 - 00000000 - 00000000
-- index registers --
0000007b - 00000079 - 00000000 - 00000000
SR = f804
