0000000b - 00000000 - 00000000 - 00000000
0000fe03 - 00000000 - 00000000 - 00000000
00000000 - 00000000 - 00000000 - 00000000
0000babe - 00000000 - 00000000 - 00000000
-- index registers --
0000003f - 00000000 - 00000000 - 00000000
SR = 42f8
