00000083 - 00000000 - 00000000 - 00000000
00000400 - 00000000 - 00000000 - 00000000
0000babe - 00000000 - 00000000 - 00000000
0000000f - 00000000 - 00000000 - 00000000
00000000 - 00000000 - 00000000 - 00000000
