00000007 - 00000000 - 00000000 - 00000000
00000000 - 00000000 - 00000000 - 00000000
0000babe - 00000000 - 00000000 - 00000000
0000001f - 00000000 - 00000000 - 00000000
-- index registers --
0000004e - 00000000 - 00000000 - 00000000
SR = 00f8
