00000000 - 00000000 - 00000000 - 0000e1e0
00000000 - 00000000 - 00000000 - 0000e5e4
00000000 - 00000000 - 00000000 - 0000e9e8
00000000 - 00000000 - 00000000 - 0000edec
-- index registers --
0000f1f0 - 0000f5f4 - 0000f9f8 - 0000fdfc
SR = 00f8
