0000cafe - 00000000 - 00000000 - 00000000
0000beef - 00000000 - 00000000 - 00000000
0000cafe - 00000000 - 00000000 - 00000000
00000000 - 00000000 - 00000000 - 00000000
-- index registers --
0000001d - 00000000 - 00000000 - 00000000
SR = 00f8
