00001234 - 00000000 - 00000000 - 00000003
0000ba00 - 00000000 - 00000000 - 00000000
00000000 - 00000000 - 00000000 - 00000000
0000babe - 00000000 - 00000000 - 00000000
-- index registers --
000000f0 - 00000000 - 00000000 - 00000000
SR = f804
