0000bf21 - 00000000 - 00000000 - 00000003
00000044 - 00000000 - 00000000 - 00000000
00000000 - 00000000 - 00000000 - 00000000
0000babe - 00000000 - 00000000 - 00000000
-- index registers --
00000051 - 00000000 - 00000000 - 00000000
SR = f804
