00000101 - 00000000 - 00000000 - 00000000
00000a55 - 00000000 - 00000000 - 00000000
00000007 - 00000000 - 00000000 - 00000000
0000babe - 00000000 - 00000000 - 00000000
-- index registers --
0000007a - 00000000 - 00000000 - 00000000
SR = f801
