00000011 - 00000000 - 00000000 - 00000000
00000000 - 00000000 - 00000000 - 00000000
0000006d - 00000000 - 00000000 - 00000000
0000babe - 00000000 - 00000000 - 00000000
-- index registers --
0000006e - 0000004e - 00000000 - 00000000
SR = f842
