00000011 - 00000000 - 00000000 - 00000000
00000000 - 00000000 - 00000000 - 00000000
0000006c - 00000000 - 00000000 - 00000000
0000babe - 00000000 - 00000000 - 00000000
-- index registers --
0000006c - 0000004c - 00000000 - 00000000
SR = 42f8
