00000000 - 00000000 - 00000000 - 00000000
00000000 - 00000000 - 00000000 - 00000000
00001234 - 00005500 - 00000000 - 00000000
00000000 - 0000babe - 00000000 - 00000000
-- index registers --
00000040 - 00000000 - 00000000 - 00000000
SR = f942
