00000fea - 00000000 - 00000000 - 00000000
00003400 - 12345678 - 00000000 - 00000000
00000fea - 12345678 - 00000000 - 00000000
00000000 - 0000babe - 00000000 - 00000000
-- index registers --
00000000 - 00000051 - 00000000 - 00000000
SR = f942
