00000086 - 00000000 - 00000000 - 00000000
00000076 - 00000000 - 00000000 - 00000000
01234678 - 00000000 - 00000000 - 00000000
0000babe - 00000000 - 00000000 - 00000000
-- index registers --
00000000 - 00000000 - 00000000 - 0000008a
SR = 42f8
