00000000 - 00000000 - 00000000 - 00000000
0000aa55 - 00000000 - 00000000 - 00000000
00000007 - 00000000 - 00000000 - 00000000
0000babe - 00000000 - 00000000 - 00000000
-- index registers --
0000004c - 00000000 - 00000000 - 00000000
SR = 00f8
