0000001e - 00000000 - 00000000 - 00000000
00001e1d - 00000000 - 00000000 - 00000000
00001c1f - 00000000 - 00000000 - 00000000
00001e00 - 00000000 - 00000000 - 00000000
00000000 - 00000000 - 00000000 - 00000000
