0c6c04c2 - 00000000 - 00000000 - 00000000
0342372c - 00000000 - 00000000 - 00000000
0d014720 - 00000000 - 00000000 - 00000000
2380babe - 00000000 - 00000000 - 00000000
-- index registers --
00000000 - 00000000 - 00000000 - 00000000
SR = f842
