0000807f - 00007fff - 7fffffff - 00000000
0000fe7f - 00007fff - 00000000 - 00000000
00000000 - 00000000 - 00000000 - 00000000
0000babe - 00000001 - 00000001 - 00000000
-- index registers --
00000000 - 0000007f - 00000000 - 00000000
SR = 00f8
