000003ff - 00000000 - 00000100 - 000002ff
00000000 - 00000001 - 00000002 - 00000003
00000000 - 00000000 - 00000000 - 00000000
00000000 - 0000babe - 00000000 - 00000000
-- index registers --
00000000 - 00000000 - 00000000 - 0000004a
SR = 0089
