00000054 - 000000fe - 00000000 - 00000000
00000014 - 00007e76 - 00000000 - 00000000
00000000 - 00000000 - 00000000 - 00000000
0000babe - 00000076 - 00000000 - 00000000
-- index registers --
00000057 - 00000000 - 00000000 - 0000007e
SR = 42f8
