0000babe - 00000000 - 00000000 - 00000000
0000beef - 00000000 - 00000000 - 00000000
0000cafe - 00000000 - 00000000 - 00000000
0000babe - 00000000 - 00000000 - 00000000
-- index registers --
00000000 - 00000000 - 00000000 - 00000072
SR = 42f8
