000003ff - 00000000 - 00000000 - 00000000
00000000 - 00000000 - 00000000 - 00000000
00000000 - 00000000 - 00000000 - 00000000
00000000 - 00000000 - 00000000 - 0000babe
-- index registers --
00000000 - 00000000 - 00000000 - 00000048
SR = 8bd7
