00000000 - 00001000 - 00002000 - 00003000
00000011 - 00001011 - 00002011 - 00003011
00000022 - 00001022 - 00002022 - 00003022
00000033 - 00001033 - 00002033 - 00003033
00000000 - 00000000 - 00000000 - 00000000
