00000f10 - 00000000 - 00000000 - 00000000
00000000 - 00000000 - 00000000 - 00000000
0000c000 - 00000000 - 00000000 - 00000000
0000babe - 00000000 - 00000000 - 00000000
-- index registers --
0000003f - 00000000 - 00000000 - 00000067
SR = 42f8
