000000ef - 00000000 - 00000000 - 00000000
00000000 - 00000000 - 00000000 - 00000000
00000000 - 00000000 - 00000000 - 00000000
0000babe - 00000000 - 00000000 - 00000000
-- index registers --
0000005c - 00000000 - 00000000 - 00000000
SR = f842
