00000055 - 000000ca - 00000000 - 00000000
000000d5 - 0000cbdb - 00000000 - 00000000
00000000 - 00000000 - 00000000 - 00000000
0000babe - 00000000 - 00000000 - 00000000
-- index registers --
00000058 - 00000000 - 00000000 - 00000000
SR = f842
