000002f6 - 0000000f - 00000000 - 00000000
00000088 - 00000000 - 00000000 - 00000000
00000000 - 00000000 - 00000000 - 00000000
0000babe - 00000000 - 00000000 - 00000000
-- index registers --
00000077 - 00000000 - 00000000 - 00000000
SR = f804
