0000ffff - 00000000 - 00000000 - 00000000
00000f07 - 00000000 - 00000000 - 00000000
00000000 - 00000000 - 00000000 - 00000000
007fbabe - 00000000 - 00000000 - 00000000
-- index registers --
00000000 - 00000000 - 00000000 - 00000000
